
   PASS  Tests\ExampleTests\TestThatPassesTest
  ✓ do basic assertions DURATION-IN-SECONDS
  ✓ do some more assertions DURATION-IN-SECONDS

  Tests:    2 passed (4 assertions)
  Duration: DURATION-IN-SECONDS

  Top 10 slowest tests:
  Tests\ExampleTests\TestThatPassesTest > do basic assertions DURATION-IN-SECONDS
  Tests\ExampleTests\TestThatPassesTest > do some more assertions DURATION-IN-SECONDS
  ───────────────────
(SOME-PERCENTAGE of DURATION-IN-SECONDS) DURATION-IN-SECONDS
