
  .⨯⨯⨯!si..
  ───────────────────
   FAILED  Tests\ExampleTests\TestThatHasAllStatusesTest > fail
  Failed asserting that false is true.

  at tests/ExampleTests/TestThatHasAllStatusesTest.php:28
   24▕   }
   25▕
   26▕   public function testFail(): void
   27▕   {
  ➜  28▕   $this->assertTrue(false);
   29▕   }
   30▕
   31▕   public function testFailWithDiff(): void
   32▕   {

  1   tests/ExampleTests/TestThatHasAllStatusesTest.php:28

  ───────────────────
   FAILED  Tests\ExampleTests\TestThatHasAllStatusesTest > fail with diff
  Failed asserting that two arrays are equal.
   Array (
  -   0 => 'one'
  -   1 => 'two'
  +   0 => 'two'
  +   1 => 'one'
   )


  at tests/ExampleTests/TestThatHasAllStatusesTest.php:33
   29▕   }
   30▕
   31▕   public function testFailWithDiff(): void
   32▕   {
  ➜  33▕   $this->assertEquals(
   34▕   ['one', 'two'],
   35▕   ['two', 'one']
   36▕   );
   37▕   }

  1   tests/ExampleTests/TestThatHasAllStatusesTest.php:33

  ───────────────────
   FAILED  Tests\ExampleTests\TestThatHasAllStatusesTest > error Exception
  error

  at tests/ExampleTests/TestThatHasAllStatusesTest.php:41
   37▕   }
   38▕
   39▕   public function testError(): void
   40▕   {
  ➜  41▕   throw new \Exception('error');
   42▕   }
   43▕
   44▕   public function testRisky(): void
   45▕   {

  1   tests/ExampleTests/TestThatHasAllStatusesTest.php:41


  Tests:   3 failed, 1 risky, 1 incomplete, 1 skipped, 3 passed (7 assertions)
  Duration: DURATION-IN-SECONDS
