
Runtime:Â Â Â Â Â Â Â PHPUnit SOME-PHPUNIT-VERSION using PHP SOME-PHP-VERSION (cli) on SOME-OS
Configuration: tests/phpunit.test-with-method-name-conversion.xml

Tests\ExampleTests\TestThatHasAllStatusesTest, 15 tests
âœ“ success [DURATION-IN-SECONDS]
â¨¯ fail [DURATION-IN-SECONDS]
âœ“ fail with diff [DURATION-IN-SECONDS]
â¨¯ error [DURATION-IN-SECONDS]
â¨¯ risky [DURATION-IN-SECONDS]
! skip [DURATION-IN-SECONDS]
! incomplete [DURATION-IN-SECONDS]
âœ“ should convert title case to lower cased words [DURATION-IN-SECONDS]
âœ“ should convert snake case to lower cased words [DURATION-IN-SECONDS]
âœ“ can contain 1 or 99 numbers [DURATION-IN-SECONDS]
âœ“ 123 can start or end with numbers 456 [DURATION-IN-SECONDS]
âœ“ should preserve and pa tia pita zed words [DURATION-IN-SECONDS]
âœ“ with named datasets with data set [DURATION-IN-SECONDS]
âœ“ with named datasets with data set data set 2 [DURATION-IN-SECONDS]
âœ“ with named datasets with data set set 3 [DURATION-IN-SECONDS]

Tests\ExampleTests\TestThatPassesTest, 2 tests
âœ“ do basic assertions [DURATION-IN-SECONDS]
âœ“ do some more assertions [DURATION-IN-SECONDS]

â”€â”€â”€â”€â”€â”€â”€â”€â”€â”€â”€â”€â”€â”€â”€â”€â”€â”€â”€â”€â”€â”€â”€â”€â”€â”€â”€â”€â”€â”€â”€â”€â”€â”€â”€â”€â”€â”€â”€â”€â”€â”€â”€â”€â”€â”€â”€â”€â”€â”€â”€â”€â”€â”€â”€â”€â”€â”€â”€â”€â”€â”€â”€â”€â”€â”€â”€â”€â”€â”€â”€â”€â”€â”€â”€â”€â”€â”€â”€â”€â”€â”€â”€â”€â”€â”€â”€â”€â”€â”€â”€â”€â”€â”€â”€â”€â”€â”€â”€â”€â”€â”€â”€â”€â”€â”€â”€â”€â”€â”€â”€â”€â”€â”€â”€â”€â”€â”€â”€â”€â”€â”€â”€â”€â”€â”€â”€â”€â”€â”€â”€â”€â”€â”€â”€â”€â”€â”€â”€â”€â”€â”€â”€â”€â”€â”€â”€â”€â”€â”€â”€â”€â”€â”€â”€â”€â”€â”€â”€â”€â”€â”€â”€â”€â”€â”€â”€â”€â”€â”€â”€â”€â”€â”€â”€â”€â”€â”€â”€â”€â”€â”€â”€â”€â”€â”€â”€â”€â”€â”€â”€â”€â”€â”€â”€â”€â”€â”€â”€â”€â”€â”€â”€â”€â”€â”€â”€â”€â”€â”€â”€
 FAILED  Tests\ExampleTests\TestThatHasAllStatusesTest::testFail                                                                                                      PHPUnit\Framework\ExpectationFailedException
Failed asserting that false is true.

  1â–• [1m/Volumes/Projects/phpunit-pretty-print/tests/ExampleTests/TestThatHasAllStatusesTest.php:17[0m

â”€â”€â”€â”€â”€â”€â”€â”€â”€â”€â”€â”€â”€â”€â”€â”€â”€â”€â”€â”€â”€â”€â”€â”€â”€â”€â”€â”€â”€â”€â”€â”€â”€â”€â”€â”€â”€â”€â”€â”€â”€â”€â”€â”€â”€â”€â”€â”€â”€â”€â”€â”€â”€â”€â”€â”€â”€â”€â”€â”€â”€â”€â”€â”€â”€â”€â”€â”€â”€â”€â”€â”€â”€â”€â”€â”€â”€â”€â”€â”€â”€â”€â”€â”€â”€â”€â”€â”€â”€â”€â”€â”€â”€â”€â”€â”€â”€â”€â”€â”€â”€â”€â”€â”€â”€â”€â”€â”€â”€â”€â”€â”€â”€â”€â”€â”€â”€â”€â”€â”€â”€â”€â”€â”€â”€â”€â”€â”€â”€â”€â”€â”€â”€â”€â”€â”€â”€â”€â”€â”€â”€â”€â”€â”€â”€â”€â”€â”€â”€â”€â”€â”€â”€â”€â”€â”€â”€â”€â”€â”€â”€â”€â”€â”€â”€â”€â”€â”€â”€â”€â”€â”€â”€â”€â”€â”€â”€â”€â”€â”€â”€â”€â”€â”€â”€â”€â”€â”€â”€â”€â”€â”€â”€â”€â”€â”€â”€â”€â”€â”€â”€â”€â”€â”€â”€â”€â”€â”€â”€â”€â”€
 FAILED  Tests\ExampleTests\TestThatHasAllStatusesTest::testError                                                                                                                                        Exception
error

  1â–• [1m/Volumes/Projects/phpunit-pretty-print/tests/ExampleTests/TestThatHasAllStatusesTest.php:26[0m

â”€â”€â”€â”€â”€â”€â”€â”€â”€â”€â”€â”€â”€â”€â”€â”€â”€â”€â”€â”€â”€â”€â”€â”€â”€â”€â”€â”€â”€â”€â”€â”€â”€â”€â”€â”€â”€â”€â”€â”€â”€â”€â”€â”€â”€â”€â”€â”€â”€â”€â”€â”€â”€â”€â”€â”€â”€â”€â”€â”€â”€â”€â”€â”€â”€â”€â”€â”€â”€â”€â”€â”€â”€â”€â”€â”€â”€â”€â”€â”€â”€â”€â”€â”€â”€â”€â”€â”€â”€â”€â”€â”€â”€â”€â”€â”€â”€â”€â”€â”€â”€â”€â”€â”€â”€â”€â”€â”€â”€â”€â”€â”€â”€â”€â”€â”€â”€â”€â”€â”€â”€â”€â”€â”€â”€â”€â”€â”€â”€â”€â”€â”€â”€â”€â”€â”€â”€â”€â”€â”€â”€â”€â”€â”€â”€â”€â”€â”€â”€â”€â”€â”€â”€â”€â”€â”€â”€â”€â”€â”€â”€â”€â”€â”€â”€â”€â”€â”€â”€â”€â”€â”€â”€â”€â”€â”€â”€â”€â”€â”€â”€â”€â”€â”€â”€â”€â”€â”€â”€â”€â”€â”€â”€â”€â”€â”€â”€â”€â”€â”€â”€â”€â”€â”€â”€â”€â”€â”€â”€â”€â”€
 FAILED  Tests\ExampleTests\TestThatHasAllStatusesTest::testRisky                                                                                                     PHPUnit\Framework\ExpectationFailedException
Failed asserting that two arrays are equal.

--- Expected
+++ Actual
@@ @@
 Array (
-    0 => 'one'
-    1 => 'two'
+    0 => 'two'
+    1 => 'one'
 )


  1â–• [1m/Volumes/Projects/phpunit-pretty-print/tests/ExampleTests/TestThatHasAllStatusesTest.php:33[0m


Tests:Â Â Â Â 1 error(s), 2 failed, 1 incomplete, 1 skipped, 12 passed (17 tests, 15 assertions)
Duration: DURATION-IN-SECONDS